2026-08-26 10:25:28.545: [INFO] CurrentProfilePath: C:\Users\vishnu.bisoyi\Desktop\VTS Ingestion Server\.metadata\.plugins\org.eclipse.swt\EBWebView\Default
2026-08-26 10:25:28.545: [INFO] Profiles total count: 1
2026-08-26 10:25:28.545: [INFO] Profile: name=Profile 1 path=C:\Users\vishnu.bisoyi\Desktop\VTS Ingestion Server\.metadata\.plugins\org.eclipse.swt\EBWebView\Default lastActive=null
2026-08-26 10:25:28.545: [INFO] LastUsedProfileDir: C:\Users\vishnu.bisoyi\Desktop\VTS Ingestion Server\.metadata\.plugins\org.eclipse.swt\EBWebView\Default
2026-08-26 10:25:28.545: [INFO] OnDoneLoading sync enabled: 0
2026-08-26 10:25:28.545: [INFO] BookmarkModelLoaded, ids_reassigned: 0
2026-08-26 10:25:28.545: [INFO] BookmarksLoadDropped droppedNodes=0
2026-08-26 10:25:28.545: [INFO] BookmarksSnapshot Startup total=0 bar=0 other=0 mobile=0 showBar=0 showBarNTP=1
2026-08-26 12:36:18.117: [INFO] BookmarksSnapshot Shutdown total=0 bar=0 other=0 mobile=0 showBar=0 showBarNTP=1
2026-08-27 04:53:34.406: [INFO] CurrentProfilePath: C:\Users\vishnu.bisoyi\Desktop\VTS Ingestion Server\.metadata\.plugins\org.eclipse.swt\EBWebView\Default
2026-08-27 04:53:34.406: [INFO] Profiles total count: 1
2026-08-27 04:53:34.407: [INFO] Profile: name=Profile 1 path=C:\Users\vishnu.bisoyi\Desktop\VTS Ingestion Server\.metadata\.plugins\org.eclipse.swt\EBWebView\Default lastActive=2026-08-26T11:41:32.732Z
2026-08-27 04:53:34.407: [INFO] LastUsedProfileDir: C:\Users\vishnu.bisoyi\Desktop\VTS Ingestion Server\.metadata\.plugins\org.eclipse.swt\EBWebView\Default
2026-08-27 04:53:34.407: [INFO] MostRecentlyActiveProfile: name=Profile 1 path=C:\Users\vishnu.bisoyi\Desktop\VTS Ingestion Server\.metadata\.plugins\org.eclipse.swt\EBWebView\Default lastActive=2026-08-26T11:41:32.732Z
2026-08-27 04:53:34.407: [INFO] OnDoneLoading sync enabled: 0
2026-08-27 04:53:34.407: [INFO] BookmarkModelLoaded, ids_reassigned: 0
2026-08-27 04:53:34.407: [INFO] BookmarksLoadDropped droppedNodes=0
2026-08-27 04:53:34.407: [INFO] BookmarksSnapshot Startup total=0 bar=0 other=0 mobile=0 showBar=0 showBarNTP=1
2026-08-27 05:05:15.264: [INFO] BookmarksSnapshot Shutdown total=0 bar=0 other=0 mobile=0 showBar=0 showBarNTP=1
2026-08-27 05:08:04.758: [INFO] CurrentProfilePath: C:\Users\vishnu.bisoyi\Desktop\VTS Ingestion Server\.metadata\.plugins\org.eclipse.swt\EBWebView\Default
2026-08-27 05:08:04.758: [INFO] Profiles total count: 1
2026-08-27 05:08:04.759: [INFO] Profile: name=Profile 1 path=C:\Users\vishnu.bisoyi\Desktop\VTS Ingestion Server\.metadata\.plugins\org.eclipse.swt\EBWebView\Default lastActive=2026-08-26T11:41:32.732Z
2026-08-27 05:08:04.759: [INFO] LastUsedProfileDir: C:\Users\vishnu.bisoyi\Desktop\VTS Ingestion Server\.metadata\.plugins\org.eclipse.swt\EBWebView\Default
2026-08-27 05:08:04.759: [INFO] MostRecentlyActiveProfile: name=Profile 1 path=C:\Users\vishnu.bisoyi\Desktop\VTS Ingestion Server\.metadata\.plugins\org.eclipse.swt\EBWebView\Default lastActive=2026-08-26T11:41:32.732Z
2026-08-27 05:08:04.759: [INFO] OnDoneLoading sync enabled: 0
2026-08-27 05:08:04.759: [INFO] BookmarkModelLoaded, ids_reassigned: 0
2026-08-27 05:08:04.759: [INFO] BookmarksLoadDropped droppedNodes=0
2026-08-27 05:08:04.759: [INFO] BookmarksSnapshot Startup total=0 bar=0 other=0 mobile=0 showBar=0 showBarNTP=1
2026-08-27 05:42:54.783: [INFO] BookmarksSnapshot Shutdown total=0 bar=0 other=0 mobile=0 showBar=0 showBarNTP=1
2026-08-27 06:16:00.262: [INFO] CurrentProfilePath: C:\Users\vishnu.bisoyi\Desktop\VTS Ingestion Server\.metadata\.plugins\org.eclipse.swt\EBWebView\Default
2026-08-27 06:16:00.262: [INFO] Profiles total count: 1
2026-08-27 06:16:00.263: [INFO] Profile: name=Profile 1 path=C:\Users\vishnu.bisoyi\Desktop\VTS Ingestion Server\.metadata\.plugins\org.eclipse.swt\EBWebView\Default lastActive=2026-08-26T11:41:32.732Z
2026-08-27 06:16:00.263: [INFO] LastUsedProfileDir: C:\Users\vishnu.bisoyi\Desktop\VTS Ingestion Server\.metadata\.plugins\org.eclipse.swt\EBWebView\Default
2026-08-27 06:16:00.263: [INFO] MostRecentlyActiveProfile: name=Profile 1 path=C:\Users\vishnu.bisoyi\Desktop\VTS Ingestion Server\.metadata\.plugins\org.eclipse.swt\EBWebView\Default lastActive=2026-08-26T11:41:32.732Z
2026-08-27 06:16:00.263: [INFO] OnDoneLoading sync enabled: 0
2026-08-27 06:16:00.263: [INFO] BookmarkModelLoaded, ids_reassigned: 0
2026-08-27 06:16:00.263: [INFO] BookmarksLoadDropped droppedNodes=0
2026-08-27 06:16:00.263: [INFO] BookmarksSnapshot Startup total=0 bar=0 other=0 mobile=0 showBar=0 showBarNTP=1
2026-08-27 06:44:18.679: [INFO] BookmarksSnapshot Shutdown total=0 bar=0 other=0 mobile=0 showBar=0 showBarNTP=1
2026-08-27 06:48:44.820: [INFO] CurrentProfilePath: C:\Users\vishnu.bisoyi\Desktop\VTS Ingestion Server\.metadata\.plugins\org.eclipse.swt\EBWebView\Default
2026-08-27 06:48:44.820: [INFO] Profiles total count: 1
2026-08-27 06:48:44.821: [INFO] Profile: name=Profile 1 path=C:\Users\vishnu.bisoyi\Desktop\VTS Ingestion Server\.metadata\.plugins\org.eclipse.swt\EBWebView\Default lastActive=2026-08-26T11:41:32.732Z
2026-08-27 06:48:44.821: [INFO] LastUsedProfileDir: C:\Users\vishnu.bisoyi\Desktop\VTS Ingestion Server\.metadata\.plugins\org.eclipse.swt\EBWebView\Default
2026-08-27 06:48:44.821: [INFO] MostRecentlyActiveProfile: name=Profile 1 path=C:\Users\vishnu.bisoyi\Desktop\VTS Ingestion Server\.metadata\.plugins\org.eclipse.swt\EBWebView\Default lastActive=2026-08-26T11:41:32.732Z
2026-08-27 06:48:44.821: [INFO] OnDoneLoading sync enabled: 0
2026-08-27 06:48:44.821: [INFO] BookmarkModelLoaded, ids_reassigned: 0
2026-08-27 06:48:44.821: [INFO] BookmarksLoadDropped droppedNodes=0
2026-08-27 06:48:44.821: [INFO] BookmarksSnapshot Startup total=0 bar=0 other=0 mobile=0 showBar=0 showBarNTP=1
2026-08-27 06:49:25.576: [INFO] BookmarksSnapshot Shutdown total=0 bar=0 other=0 mobile=0 showBar=0 showBarNTP=1
2026-08-27 07:14:12.882: [INFO] CurrentProfilePath: C:\Users\vishnu.bisoyi\Desktop\VTS Ingestion Server\.metadata\.plugins\org.eclipse.swt\EBWebView\Default
2026-08-27 07:14:12.882: [INFO] Profiles total count: 1
2026-08-27 07:14:12.882: [INFO] Profile: name=Profile 1 path=C:\Users\vishnu.bisoyi\Desktop\VTS Ingestion Server\.metadata\.plugins\org.eclipse.swt\EBWebView\Default lastActive=2026-08-26T11:41:32.732Z
2026-08-27 07:14:12.882: [INFO] LastUsedProfileDir: C:\Users\vishnu.bisoyi\Desktop\VTS Ingestion Server\.metadata\.plugins\org.eclipse.swt\EBWebView\Default
2026-08-27 07:14:12.882: [INFO] MostRecentlyActiveProfile: name=Profile 1 path=C:\Users\vishnu.bisoyi\Desktop\VTS Ingestion Server\.metadata\.plugins\org.eclipse.swt\EBWebView\Default lastActive=2026-08-26T11:41:32.732Z
2026-08-27 07:14:12.882: [INFO] OnDoneLoading sync enabled: 0
2026-08-27 07:14:12.882: [INFO] BookmarkModelLoaded, ids_reassigned: 0
2026-08-27 07:14:12.882: [INFO] BookmarksLoadDropped droppedNodes=0
2026-08-27 07:14:12.882: [INFO] BookmarksSnapshot Startup total=0 bar=0 other=0 mobile=0 showBar=0 showBarNTP=1
2026-08-27 09:31:56.191: [INFO] BookmarksSnapshot Shutdown total=0 bar=0 other=0 mobile=0 showBar=0 showBarNTP=1
2026-08-27 09:32:47.024: [INFO] CurrentProfilePath: C:\Users\vishnu.bisoyi\Desktop\VTS Ingestion Server\.metadata\.plugins\org.eclipse.swt\EBWebView\Default
2026-08-27 09:32:47.024: [INFO] Profiles total count: 1
2026-08-27 09:32:47.024: [INFO] Profile: name=Profile 1 path=C:\Users\vishnu.bisoyi\Desktop\VTS Ingestion Server\.metadata\.plugins\org.eclipse.swt\EBWebView\Default lastActive=2026-08-26T11:41:32.732Z
2026-08-27 09:32:47.024: [INFO] LastUsedProfileDir: C:\Users\vishnu.bisoyi\Desktop\VTS Ingestion Server\.metadata\.plugins\org.eclipse.swt\EBWebView\Default
2026-08-27 09:32:47.024: [INFO] MostRecentlyActiveProfile: name=Profile 1 path=C:\Users\vishnu.bisoyi\Desktop\VTS Ingestion Server\.metadata\.plugins\org.eclipse.swt\EBWebView\Default lastActive=2026-08-26T11:41:32.732Z
2026-08-27 09:32:47.024: [INFO] OnDoneLoading sync enabled: 0
2026-08-27 09:32:47.024: [INFO] BookmarkModelLoaded, ids_reassigned: 0
2026-08-27 09:32:47.024: [INFO] BookmarksLoadDropped droppedNodes=0
2026-08-27 09:32:47.024: [INFO] BookmarksSnapshot Startup total=0 bar=0 other=0 mobile=0 showBar=0 showBarNTP=1
2026-08-27 10:17:22.399: [INFO] BookmarksSnapshot Shutdown total=0 bar=0 other=0 mobile=0 showBar=0 showBarNTP=1
